Archive member included to satisfy reference by file (symbol)

build/cooja/mtype531.a(simEnvChange.o)
                              build/cooja/mtype531.o (simDontFallAsleep)
build/cooja/mtype531.a(cooja_mt.o)
                              build/cooja/mtype531.o (cooja_mt_start)
build/cooja/mtype531.a(cooja_mtarch.o)
                              build/cooja/mtype531.a(cooja_mt.o) (cooja_mtarch_start)
build/cooja/mtype531.a(rtimer-arch.o)
                              build/cooja/mtype531.o (rtimer_arch_check)
build/cooja/mtype531.a(beep.o)
                              build/cooja/mtype531.o (beep_interface)
build/cooja/mtype531.a(leds-arch.o)
                              build/cooja/mtype531.o (leds_interface)
build/cooja/mtype531.a(moteid.o)
                              build/cooja/mtype531.o (moteid_interface)
build/cooja/mtype531.a(pir-sensor.o)
                              build/cooja/mtype531.o (pir_interface)
build/cooja/mtype531.a(rs232.o)
                              build/cooja/mtype531.o (rs232_interface)
build/cooja/mtype531.a(vib-sensor.o)
                              build/cooja/mtype531.o (vib_interface)
build/cooja/mtype531.a(clock.o)
                              build/cooja/mtype531.o (clock_interface)
build/cooja/mtype531.a(cooja-log.o)
                              build/cooja/mtype531.o (simlog_interface)
build/cooja/mtype531.a(cfs-cooja.o)
                              build/cooja/mtype531.o (cfs_interface)
build/cooja/mtype531.a(cooja-radio.o)
                              build/cooja/mtype531.o (radio_interface)
build/cooja/mtype531.a(eeprom.o)
                              build/cooja/mtype531.o (eeprom_interface)
build/cooja/mtype531.a(random.o)
                              build/cooja/mtype531.a(moteid.o) (random_init)
build/cooja/mtype531.a(sensors.o)
                              build/cooja/mtype531.a(pir-sensor.o) (sensors_changed)
build/cooja/mtype531.a(leds.o)
                              build/cooja/mtype531.a(leds-arch.o) (leds_get)
build/cooja/mtype531.a(gpio-hal-arch.o)
                              build/cooja/mtype531.a(leds-arch.o) (gpio_hal_arch_register_pin_callback)
build/cooja/mtype531.a(buttons.o)
                              build/cooja/mtype531.o (button_interface)
build/cooja/mtype531.a(contiki-main.o)
                              build/cooja/mtype531.o (main)
build/cooja/mtype531.a(autostart.o)
                              build/cooja/mtype531.a(contiki-main.o) (autostart_start)
build/cooja/mtype531.a(ctimer.o)
                              build/cooja/mtype531.a(contiki-main.o) (ctimer_init)
build/cooja/mtype531.a(log.o)
                              build/cooja/mtype531.a(contiki-main.o) (curr_log_level_main)
build/cooja/mtype531.a(energest.o)
                              build/cooja/mtype531.a(contiki-main.o) (energest_init)
build/cooja/mtype531.a(etimer.o)
                              build/cooja/mtype531.a(contiki-main.o) (etimer_process)
build/cooja/mtype531.a(node-id.o)
                              build/cooja/mtype531.a(contiki-main.o) (node_id)
build/cooja/mtype531.a(process.o)
                              build/cooja/mtype531.a(ctimer.o) (process_current)
build/cooja/mtype531.a(rtimer.o)
                              build/cooja/mtype531.a(contiki-main.o) (rtimer_init)
build/cooja/mtype531.a(timer.o)
                              build/cooja/mtype531.a(etimer.o) (timer_set)
build/cooja/mtype531.a(list.o)
                              build/cooja/mtype531.a(ctimer.o) (list_init)
build/cooja/mtype531.a(button-hal.o)
                              build/cooja/mtype531.o (button_hal_init)
build/cooja/mtype531.a(serial-line.o)
                              build/cooja/mtype531.a(rs232.o) (serial_line_input_byte)
build/cooja/mtype531.a(gpio-hal.o)
                              build/cooja/mtype531.a(button-hal.o) (gpio_hal_register_handler)
build/cooja/mtype531.a(queuebuf.o)
                              build/cooja/mtype531.a(contiki-main.o) (queuebuf_init)
build/cooja/mtype531.a(packetbuf.o)
                              build/cooja/mtype531.a(cooja-radio.o) (packetbuf_clear)
build/cooja/mtype531.a(netstack.o)
                              build/cooja/mtype531.a(contiki-main.o) (netstack_init)
build/cooja/mtype531.a(linkaddr.o)
                              build/cooja/mtype531.a(contiki-main.o) (linkaddr_node_addr)
build/cooja/mtype531.a(csma.o)
                              build/cooja/mtype531.a(cooja-radio.o) (csma_driver)
build/cooja/mtype531.a(csma-output.o)
                              build/cooja/mtype531.a(csma.o) (csma_output_packet)
build/cooja/mtype531.a(uip-ds6.o)
                              build/cooja/mtype531.a(contiki-main.o) (uip_ds6_get_link_local)
build/cooja/mtype531.a(uip-ds6-route.o)
                              build/cooja/mtype531.a(uip-ds6.o) (uip_ds6_route_init)
build/cooja/mtype531.a(tcpip.o)
                              build/cooja/mtype531.a(contiki-main.o) (tcpip_process)
build/cooja/mtype531.a(uip6.o)
[...]
Memory Configuration

Name             Origin             Length             Attributes
*default*        0x0000000000000000 0xffffffffffffffff

Linker script and memory map

LOAD /usr/lib/gcc/i686-linux-gnu/7/../../../i386-linux-gnu/crti.o
LOAD /usr/lib/gcc/i686-linux-gnu/7/crtbeginS.o
LOAD sensor-node.o
LOAD build/cooja/mtype531.o
LOAD build/cooja/obj/virtual-sensor.o
LOAD build/cooja/mtype531.a
LOAD /usr/lib/gcc/i686-linux-gnu/7/libgcc.a
LOAD /usr/lib/gcc/i686-linux-gnu/7/libgcc_s.so
START GROUP
LOAD /usr/lib/gcc/i686-linux-gnu/7/libgcc_s.so.1
LOAD /usr/lib/gcc/i686-linux-gnu/7/libgcc.a
END GROUP
LOAD /usr/lib/gcc/i686-linux-gnu/7/../../../i386-linux-gnu/libc.so
START GROUP
LOAD /lib/i386-linux-gnu/libc.so.6
LOAD /usr/lib/i386-linux-gnu/libc_nonshared.a
LOAD /lib/i386-linux-gnu/ld-linux.so.2
END GROUP
LOAD /usr/lib/gcc/i686-linux-gnu/7/libgcc.a
LOAD /usr/lib/gcc/i686-linux-gnu/7/libgcc_s.so
START GROUP
LOAD /usr/lib/gcc/i686-linux-gnu/7/libgcc_s.so.1
LOAD /usr/lib/gcc/i686-linux-gnu/7/libgcc.a
END GROUP
LOAD /usr/lib/gcc/i686-linux-gnu/7/crtendS.o
LOAD /usr/lib/gcc/i686-linux-gnu/7/../../../i386-linux-gnu/crtn.o
                0x0000000000000114                . = (SEGMENT_START ("text-segment", 0x0) + SIZEOF_HEADERS)

.note.gnu.build-id
                0x0000000000000114       0x24
 *(.note.gnu.build-id)
 .note.gnu.build-id
                0x0000000000000114       0x24 /usr/lib/gcc/i686-linux-gnu/7/../../../i386-linux-gnu/crti.o

.hash
 *(.hash)

.gnu.hash       0x0000000000000138     0x1440
 *(.gnu.hash)
 .gnu.hash      0x0000000000000138     0x1440 /usr/lib/gcc/i686-linux-gnu/7/../../../i386-linux-gnu/crti.o

.dynsym         0x0000000000001578     0x2940
 *(.dynsym)
 .dynsym        0x0000000000001578     0x2940 /usr/lib/gcc/i686-linux-gnu/7/../../../i386-linux-gnu/crti.o

.dynstr         0x0000000000003eb8     0x2ed8
 *(.dynstr)
 .dynstr        0x0000000000003eb8     0x2ed8 /usr/lib/gcc/i686-linux-gnu/7/../../../i386-linux-gnu/crti.o

.gnu.version    0x0000000000006d90      0x528
 *(.gnu.version)
 .gnu.version   0x0000000000006d90      0x528 /usr/lib/gcc/i686-linux-gnu/7/../../../i386-linux-gnu/crti.o

.gnu.version_d  0x00000000000072b8        0x0
 *(.gnu.version_d)
 .gnu.version_d
                0x00000000000072b8        0x0 /usr/lib/gcc/i686-linux-gnu/7/../../../i386-linux-gnu/crti.o

.gnu.version_r  0x00000000000072b8       0x40
 *(.gnu.version_r)
 .gnu.version_r
                0x00000000000072b8       0x40 /usr/lib/gcc/i686-linux-gnu/7/../../../i386-linux-gnu/crti.o

.rel.dyn        0x00000000000072f8      0xdb0
 *(.rel.init)
 .rel.init      0x00000000000072f8        0x0 /usr/lib/gcc/i686-linux-gnu/7/../../../i386-linux-gnu/crti.o
 *(.rel.text .rel.text.* .rel.gnu.linkonce.t.*)
 .rel.text      0x00000000000072f8      0x4f0 /usr/lib/gcc/i686-linux-gnu/7/../../../i386-linux-gnu/crti.o
 *(.rel.fini)
 .rel.fini      0x00000000000077e8        0x0 /usr/lib/gcc/i686-linux-gnu/7/../../../i386-linux-gnu/crti.o
 *(.rel.rodata .rel.rodata.* .rel.gnu.linkonce.r.*)
 *(.rel.data.rel.ro .rel.data.rel.ro.* .rel.gnu.linkonce.d.rel.ro.*)
 .rel.data.rel.ro.local
                0x00000000000077e8      0x208 /usr/lib/gcc/i686-linux-gnu/7/../../../i386-linux-gnu/crti.o
 .rel.data.rel.ro
                0x00000000000079f0       0xb0 /usr/lib/gcc/i686-linux-gnu/7/../../../i386-linux-gnu/crti.o
 *(.rel.data .rel.data.* .rel.gnu.linkonce.d.*)
 .rel.data.rel.local
                0x0000000000007aa0      0x2f0 /usr/lib/gcc/i686-linux-gnu/7/../../../i386-linux-gnu/crti.o
 .rel.data.rel  0x0000000000007d90       0x78 /usr/lib/gcc/i686-linux-gnu/7/../../../i386-linux-gnu/crti.o
 *(.rel.tdata .rel.tdata.* .rel.gnu.linkonce.td.*)
 *(.rel.tbss .rel.tbss.* .rel.gnu.linkonce.tb.*)
 *(.rel.ctors)
 *(.rel.dtors)
 *(.rel.got)
 .rel.got       0x0000000000007e08      0x290 /usr/lib/gcc/i686-linux-gnu/7/../../../i386-linux-gnu/crti.o
 *(.rel.bss .rel.bss.* .rel.gnu.linkonce.b.*)
 *(.rel.ifunc)
 .rel.ifunc     0x0000000000008098        0x0 /usr/lib/gcc/i686-linux-gnu/7/../../../i386-linux-gnu/crti.o
 .rel.fini_array
                0x0000000000008098        0x8 /usr/lib/gcc/i686-linux-gnu/7/../../../i386-linux-gnu/crti.o
 .rel.init_array
                0x00000000000080a0        0x8 /usr/lib/gcc/i686-linux-gnu/7/../../../i386-linux-gnu/crti.o

.rel.plt        0x00000000000080a8      0x950
 *(.rel.plt)
 .rel.plt       0x00000000000080a8      0x950 /usr/lib/gcc/i686-linux-gnu/7/../../../i386-linux-gnu/crti.o
 *(.rel.iplt)

.init           0x00000000000089f8       0x23
 *(SORT_NONE(.init))
 .init          0x00000000000089f8       0x1e /usr/lib/gcc/i686-linux-gnu/7/../../../i386-linux-gnu/crti.o
                0x00000000000089f8                _init
 .init          0x0000000000008a16        0x5 /usr/lib/gcc/i686-linux-gnu/7/../../../i386-linux-gnu/crtn.o

.plt            0x0000000000008a20     0x12b0
 *(.plt)
 .plt           0x0000000000008a20     0x12b0 /usr/lib/gcc/i686-linux-gnu/7/../../../i386-linux-gnu/crti.o
 *(.iplt)

.plt.got        0x0000000000009cd0       0x18
 *(.plt.got)
 .plt.got       0x0000000000009cd0       0x18 /usr/lib/gcc/i686-linux-gnu/7/../../../i386-linux-gnu/crti.o

.plt.sec
 *(.plt.sec)

.text           0x0000000000009cf0    0x17db4
 *(.text.unlikely .text.*_unlikely .text.unlikely.*)
 *(.text.exit .text.exit.*)
 *(.text.startup .text.startup.*)
 *(.text.hot .text.hot.*)
 *(.text .stub .text.* .gnu.linkonce.t.*)
 .text          0x0000000000009cf0        0x0 /usr/lib/gcc/i686-linux-gnu/7/../../../i386-linux-gnu/crti.o
 .gnu.linkonce.t.__x86.get_pc_thunk.bx
                0x0000000000009cf0        0x4 /usr/lib/gcc/i686-linux-gnu/7/../../../i386-linux-gnu/crti.o
                0x0000000000009cf0                __x86.get_pc_thunk.bx
 *fill*         0x0000000000009cf4        0xc 
 .text          0x0000000000009d00       0xe9 /usr/lib/gcc/i686-linux-gnu/7/crtbeginS.o
 .text.__x86.get_pc_thunk.dx
                0x0000000000009de9        0x4 /usr/lib/gcc/i686-linux-gnu/7/crtbeginS.o
                0x0000000000009de9                __x86.get_pc_thunk.dx
 .text          0x0000000000009ded      0x22f sensor-node.o
 .text          0x000000000000a01c      0x36b build/cooja/mtype531.o
                0x000000000000a0ce                platform_init_stage_one
                0x000000000000a0f1                platform_init_stage_two
                0x000000000000a114                platform_init_stage_three
                0x000000000000a137                platform_main_loop
                0x000000000000a1dd                Java_org_contikios_cooja_corecomm_Lib4_init
                0x000000000000a22b                Java_org_contikios_cooja_corecomm_Lib4_getMemory
                0x000000000000a26b                Java_org_contikios_cooja_corecomm_Lib4_setMemory
                0x000000000000a2dc                Java_org_contikios_cooja_corecomm_Lib4_tick
                0x000000000000a366                Java_org_contikios_cooja_corecomm_Lib4_setReferenceAddress
 .text.__x86.get_pc_thunk.ax
                0x000000000000a387        0x4 build/cooja/mtype531.o
                0x000000000000a387                __x86.get_pc_thunk.ax
 .text          0x000000000000a38b       0xbc build/cooja/obj/virtual-sensor.o
                0x000000000000a38b                random_value
                0x000000000000a3c5                read_temperature
                0x000000000000a404                read_humidity
 .text          0x000000000000a447       0x8d build/cooja/mtype531.a(simEnvChange.o)
                0x000000000000a447                doActionsBeforeTick
                0x000000000000a48d                doActionsAfterTick
 .text          0x000000000000a4d4       0xb6 build/cooja/mtype531.a(cooja_mt.o)
                0x000000000000a4d4                cooja_mt_start
                0x000000000000a50e                cooja_mt_exec
                0x000000000000a555                cooja_mt_yield
 .text          0x000000000000a58a       0xf2 build/cooja/mtype531.a(cooja_mtarch.o)
                0x000000000000a58a                cooja_mtarch_start
                0x000000000000a60e                cooja_sw
                0x000000000000a63c                cooja_mtarch_exec
                0x000000000000a667                cooja_mtarch_yield
 .text          0x000000000000a67c      0x127 build/cooja/mtype531.a(rtimer-arch.o)
                0x000000000000a67c                rtimer_arch_init
                0x000000000000a6ab                rtimer_arch_schedule
                0x000000000000a6ed                rtimer_arch_next
                0x000000000000a707                rtimer_arch_pending
                0x000000000000a71e                rtimer_arch_check
                0x000000000000a789                rtimer_arch_now
 .text.__x86.get_pc_thunk.cx
                0x000000000000a7a3        0x4 build/cooja/mtype531.a(rtimer-arch.o)
                0x000000000000a7a3                __x86.get_pc_thunk.cx
 .text          0x000000000000a7a7      0x101 build/cooja/mtype531.a(beep.o)
                0x000000000000a7a7                beep_alarm
                0x000000000000a7c0                beep_beep
                0x000000000000a7d9                beep
                0x000000000000a7f2                beep_down
                0x000000000000a80b                beep_on
                0x000000000000a824                beep_off
                0x000000000000a83d                beep_spinup
                0x000000000000a856                beep_quick
                0x000000000000a86f                beep_long
 .text          0x000000000000a8a8       0x9f build/cooja/mtype531.a(leds-arch.o)
                0x000000000000a8cc                leds_arch_init
 .text          0x000000000000a947       0x56 build/cooja/mtype531.a(moteid.o)
 .text          0x000000000000a99d      0x101 build/cooja/mtype531.a(pir-sensor.o)
 .text          0x000000000000aa9e      0x1cc build/cooja/mtype531.a(rs232.o)
                0x000000000000aa9e                rs232_init
                0x000000000000aaae                rs232_set_speed
                0x000000000000aac7                rs232_set_input
                0x000000000000aae0                rs232_send
                0x000000000000ab16                rs232_print
                0x000000000000ab44                slip_arch_writeb
 .text          0x000000000000ac6a      0x101 build/cooja/mtype531.a(vib-sensor.o)
 .text          0x000000000000ad6b       0x7a build/cooja/mtype531.a(clock.o)
                0x000000000000ad6b                clock_init
                0x000000000000ad7b                clock_time
                0x000000000000ad92                clock_seconds
                0x000000000000adb5                clock_delay
 .text          0x000000000000ade5      0x2b5 build/cooja/mtype531.a(cooja-log.o)
                0x000000000000ade5                simlog_char
                0x000000000000ae49                simlog
                0x000000000000aee3                log_message
                0x000000000000af32                log_set_putchar_with_slip
                0x000000000000af4b                log_putchar
                0x000000000000afd6                log_puts
                0x000000000000b008                log_printf
 .text          0x000000000000b09a      0x36c build/cooja/mtype531.a(cfs-cooja.o)
                0x000000000000b09a                cfs_open
                0x000000000000b112                cfs_close
                0x000000000000b129                cfs_read
                0x000000000000b1dd                cfs_write
                0x000000000000b2db                cfs_seek
                0x000000000000b378                cfs_remove
                0x000000000000b3ae                cfs_opendir
                0x000000000000b3c2                cfs_readdir
                0x000000000000b3d6                cfs_closedir
 .text          0x000000000000b406      0x785 build/cooja/mtype531.a(cooja-radio.o)
                0x000000000000b474                radio_set_channel
                0x000000000000b48d                radio_set_txpower
                0x000000000000b4b0                radio_signal_strength_last
                0x000000000000b4c5                radio_signal_strength_current
                0x000000000000b4da                radio_LQI
 .text          0x000000000000bb8b      0x130 build/cooja/mtype531.a(eeprom.o)
                0x000000000000bb8b                eeprom_init
                0x000000000000bb9b                eeprom_read
                0x000000000000bc1b                eeprom_write
 .text          0x000000000000bcbb       0x4e build/cooja/mtype531.a(random.o)
                0x000000000000bcbb                random_init
                0x000000000000bceb                random_rand
 .text          0x000000000000bd09      0x332 build/cooja/mtype531.a(sensors.o)
                0x000000000000bd50                sensors_first
                0x000000000000bd67                sensors_next
                0x000000000000bd92                sensors_changed
                0x000000000000bddf                sensors_find
 .text          0x000000000000c03b      0x3fc build/cooja/mtype531.a(leds.o)
                0x000000000000c03b                leds_init
                0x000000000000c093                leds_single_on
                0x000000000000c10b                leds_single_off
                0x000000000000c183                leds_single_toggle
                0x000000000000c1c7                leds_on
                0x000000000000c25f                leds_off
                0x000000000000c2f7                leds_toggle
                0x000000000000c35d                leds_set
                0x000000000000c393                leds_get
 .text          0x000000000000c437      0x401 build/cooja/mtype531.a(gpio-hal-arch.o)
                0x000000000000c437                gpio_hal_arch_register_pin_callback
                0x000000000000c4b8                gpio_hal_arch_init
                0x000000000000c512                gpio_hal_arch_no_port_interrupt_enable
                0x000000000000c54c                gpio_hal_arch_no_port_interrupt_disable
                0x000000000000c586                gpio_hal_arch_no_port_pin_cfg_set
                0x000000000000c5b5                gpio_hal_arch_no_port_pin_cfg_get
                0x000000000000c5e5                gpio_hal_arch_no_port_pin_set_input
                0x000000000000c601                gpio_hal_arch_no_port_pin_set_output
                0x000000000000c61d                gpio_hal_arch_no_port_set_pin
                0x000000000000c648                gpio_hal_arch_no_port_clear_pin
                0x000000000000c673                gpio_hal_arch_no_port_read_pin
                0x000000000000c6a5                gpio_hal_arch_no_port_write_pin
                0x000000000000c6d9                gpio_hal_arch_no_port_set_pins
                0x000000000000c72a                gpio_hal_arch_no_port_clear_pins
                0x000000000000c77b                gpio_hal_arch_no_port_read_pins
                0x000000000000c7ce                gpio_hal_arch_no_port_write_pins
 .text          0x000000000000c838       0xc6 build/cooja/mtype531.a(buttons.o)
 .text          0x000000000000c8fe      0x3c1 build/cooja/mtype531.a(contiki-main.o)
                0x000000000000c8fe                main
 .text          0x000000000000ccbf       0xb0 build/cooja/mtype531.a(autostart.o)
                0x000000000000ccbf                autostart_start
                0x000000000000cd18                autostart_exit
 .text          0x000000000000cd6f      0x400 build/cooja/mtype531.a(ctimer.o)
                0x000000000000ceb2                ctimer_init
                0x000000000000cef7                ctimer_set
                0x000000000000cf2a                ctimer_set_with_process
                0x000000000000cfc1                ctimer_reset
                0x000000000000d02f                ctimer_restart
                0x000000000000d09d                ctimer_stop
                0x000000000000d0fd                ctimer_expired
 .text          0x000000000000d16f      0x4a3 build/cooja/mtype531.a(log.o)
                0x000000000000d16f                log_6addr
                0x000000000000d1d3                log_6addr_compact_snprint
                0x000000000000d293                log_6addr_compact
                0x000000000000d2f7                log_lladdr
                0x000000000000d37e                log_lladdr_compact
                0x000000000000d3fb                log_bytes
                0x000000000000d44f                log_set_level
                0x000000000000d52d                log_get_level
                0x000000000000d5be                log_level_to_str
 .text          0x000000000000d612       0x39 build/cooja/mtype531.a(energest.o)
                0x000000000000d612                energest_init
                0x000000000000d622                energest_flush
                0x000000000000d632                energest_get_total_time
 .text          0x000000000000d64b      0x527 build/cooja/mtype531.a(etimer.o)
                0x000000000000d8a0                etimer_request_poll
                0x000000000000d951                etimer_set
                0x000000000000d98a                etimer_reset_with_new_interval
                0x000000000000d9c9                etimer_reset
                0x000000000000d9ff                etimer_restart
                0x000000000000da35                etimer_adjust
                0x000000000000da5c                etimer_expired
                0x000000000000da79                etimer_expiration_time
                0x000000000000da95                etimer_start_time
                0x000000000000daa9                etimer_pending
                0x000000000000dac6                etimer_next_expiration_time
                0x000000000000daee                etimer_stop
 .text          0x000000000000db72       0x36 build/cooja/mtype531.a(node-id.o)
                0x000000000000db72                node_id_init
 .text          0x000000000000dba8      0x5cb build/cooja/mtype531.a(process.o)
                0x000000000000dba8                process_alloc_event
                0x000000000000dbc9                process_start
                0x000000000000ddce                process_exit
                0x000000000000ddf6                process_init
                0x000000000000dfbe                process_run
                0x000000000000e001                process_nevents
                0x000000000000e026                process_post
                0x000000000000e0d3                process_post_synch
                0x000000000000e119                process_poll
                0x000000000000e155                process_is_running
 .text.__x86.get_pc_thunk.si
                0x000000000000e173        0x4 build/cooja/mtype531.a(process.o)
                0x000000000000e173                __x86.get_pc_thunk.si
 .text          0x000000000000e177      0x122 build/cooja/mtype531.a(rtimer.o)
                0x000000000000e177                rtimer_init
                0x000000000000e196                rtimer_set
                0x000000000000e224                rtimer_run_next
 .text          0x000000000000e299       0xf6 build/cooja/mtype531.a(timer.o)
                0x000000000000e299                timer_set
                0x000000000000e2c8                timer_reset
                0x000000000000e2ff                timer_restart
                0x000000000000e325                timer_expired
                0x000000000000e363                timer_remaining
 .text          0x000000000000e38f      0x311 build/cooja/mtype531.a(list.o)
                0x000000000000e38f                list_init
                0x000000000000e3a8                list_head
                0x000000000000e3bc                list_copy
                0x000000000000e3d6                list_tail
                0x000000000000e416                list_add
                0x000000000000e46c                list_push
                0x000000000000e4a2                list_chop
                0x000000000000e516                list_pop
                0x000000000000e548                list_remove
                0x000000000000e5ba                list_length
                0x000000000000e5f2                list_insert
                0x000000000000e641                list_item_next
                0x000000000000e662                list_contains
 .text          0x000000000000e6a0      0x566 build/cooja/mtype531.a(button-hal.o)
                0x000000000000e894                button_hal_get_by_id
                0x000000000000e8de                button_hal_get_by_index
                0x000000000000e918                button_hal_get_state
                0x000000000000e97a                button_hal_init
 .text          0x000000000000ec06      0x242 build/cooja/mtype531.a(serial-line.o)
                0x000000000000ec06                serial_line_input_byte
                0x000000000000edfe                serial_line_init
 .text          0x000000000000ee48      0x1d6 build/cooja/mtype531.a(gpio-hal.o)
                0x000000000000ee48                gpio_hal_register_handler
                0x000000000000ee76                gpio_hal_event_handler
                0x000000000000eee3                gpio_hal_init
                0x000000000000ef12                gpio_hal_arch_port_toggle_pin
                0x000000000000ef5d                gpio_hal_arch_port_toggle_pins
                0x000000000000ef9a                gpio_hal_arch_no_port_toggle_pin
                0x000000000000efe7                gpio_hal_arch_no_port_toggle_pins
 .text          0x000000000000f01e      0x3a9 build/cooja/mtype531.a(queuebuf.o)
                0x000000000000f032                queuebuf_init
                0x000000000000f06e                queuebuf_numfree
                0x000000000000f098                queuebuf_new_from_packetbuf
                0x000000000000f14c                queuebuf_update_attr_from_packetbuf
                0x000000000000f190                queuebuf_update_from_packetbuf
                0x000000000000f1ef                queuebuf_free
                0x000000000000f24d                queuebuf_to_packetbuf
                0x000000000000f2ca                queuebuf_dataptr
                0x000000000000f316                queuebuf_datalen
                0x000000000000f343                queuebuf_addr
                0x000000000000f382                queuebuf_attr
                0x000000000000f3b7                queuebuf_debug_print
 .text          0x000000000000f3c7      0x4dd build/cooja/mtype531.a(packetbuf.o)
                0x000000000000f3c7                packetbuf_clear
                0x000000000000f3fd                packetbuf_copyfrom
                0x000000000000f45d                packetbuf_copyto
                0x000000000000f4fb                packetbuf_hdralloc
                0x000000000000f58b                packetbuf_hdrreduce
                0x000000000000f5dd                packetbuf_set_datalen
                0x000000000000f602                packetbuf_dataptr
                0x000000000000f629                packetbuf_hdrptr
                0x000000000000f63e                packetbuf_datalen
                0x000000000000f654                packetbuf_hdrlen
                0x000000000000f673                packetbuf_totlen
                0x000000000000f693                packetbuf_remaininglen
                0x000000000000f6b0                packetbuf_attr_clear
                0x000000000000f716                packetbuf_attr_copyto
                0x000000000000f75c                packetbuf_attr_copyfrom
                0x000000000000f7a2                packetbuf_set_attr
                0x000000000000f7d8                packetbuf_attr
                0x000000000000f7fe                packetbuf_set_addr
                0x000000000000f846                packetbuf_addr
                0x000000000000f870                packetbuf_holds_broadcast
 .text          0x000000000000f8a4      0x13c build/cooja/mtype531.a(netstack.o)
                0x000000000000f8a4                netstack_process_ip_callback
                0x000000000000f945                netstack_ip_packet_processor_add
                0x000000000000f979                uip_ds6_ip_packet_processor_rm
                0x000000000000f9a7                netstack_init
 .text          0x000000000000f9e0       0x75 build/cooja/mtype531.a(linkaddr.o)
                0x000000000000f9e0                linkaddr_copy
                0x000000000000fa00                linkaddr_cmp
                0x000000000000fa33                linkaddr_set_node_addr
 .text          0x000000000000fa55      0x2ae build/cooja/mtype531.a(csma.o)
 .text          0x000000000000fd03      0xa6f build/cooja/mtype531.a(csma-output.o)
                0x0000000000010475                csma_output_packet
                0x0000000000010724                csma_output_init
 .text          0x0000000000010772      0xe47 build/cooja/mtype531.a(uip-ds6.o)
                0x0000000000010772                uip_ds6_default_prefix
                0x0000000000010787                uip_ds6_set_default_prefix
                0x00000000000107bd                uip_ds6_init
                0x0000000000010a58                uip_ds6_periodic
                0x0000000000010b00                uip_ds6_list_loop
                0x0000000000010bcf                uip_ds6_prefix_add
                0x0000000000010c96                uip_ds6_prefix_rm
                0x0000000000010cb3                uip_ds6_prefix_lookup
                0x0000000000010d06                uip_ds6_is_addr_onlink
                0x0000000000010d93                uip_ds6_addr_add
                0x0000000000010ed5                uip_ds6_addr_rm
                0x0000000000010f94                uip_ds6_addr_lookup
                0x0000000000010fe4                uip_ds6_get_link_local
                0x0000000000011082                uip_ds6_get_global
                0x0000000000011120                uip_ds6_maddr_add
                0x000000000001119c                uip_ds6_maddr_rm
                0x00000000000111b9                uip_ds6_maddr_lookup
                0x000000000001120c                uip_ds6_aaddr_add
                0x0000000000011285                uip_ds6_aaddr_rm
                0x00000000000112a2                uip_ds6_aaddr_lookup
                0x00000000000112f2                uip_ds6_select_src
                0x0000000000011460                uip_ds6_set_addr_iid
                0x0000000000011495                uip_ds6_set_lladdr_from_iid
                0x00000000000114c8                get_match_length
                0x0000000000011563                uip_ds6_compute_reachable_time
 .text          0x00000000000115b9      0x453 build/cooja/mtype531.a(uip-ds6-route.o)
                0x000000000001161b                uip_ds6_route_init
                0x0000000000011657                uip_ds6_route_count_nexthop_neighbors
                0x000000000001166b                uip_ds6_route_nexthop
                0x000000000001167f                uip_ds6_route_head
                0x0000000000011693                uip_ds6_route_next
                0x00000000000116a7                uip_ds6_route_is_nexthop
                0x00000000000116bb                uip_ds6_route_num_routes
                0x00000000000116cf                uip_ds6_route_lookup
                0x00000000000116e3                uip_ds6_route_add
                0x0000000000011700                uip_ds6_route_rm
                0x0000000000011710                uip_ds6_route_rm_by_nexthop
                0x0000000000011720                uip_ds6_defrt_head
                0x000000000001174a                uip_ds6_defrt_add
                0x000000000001180a                uip_ds6_defrt_rm
                0x0000000000011883                uip_ds6_defrt_lookup
                0x00000000000118fa                uip_ds6_defrt_choose
                0x0000000000011980                uip_ds6_defrt_periodic
 .text          0x0000000000011a0c      0x870 build/cooja/mtype531.a(tcpip.o)
                0x0000000000011a32                tcpip_output
                0x0000000000011ae1                udp_attach
                0x0000000000011b03                udp_new
                0x0000000000011b5d                udp_broadcast_new
                0x0000000000011cfd                tcpip_input
                0x0000000000011ef3                tcpip_ipv6_output
                0x000000000001212f                tcpip_poll_udp
                0x000000000001215f                tcpip_uipcall
 .text          0x000000000001227c     0x1520 build/cooja/mtype531.a(uip6.o)
                0x0000000000012335                uip_chksum
                0x000000000001242d                uip_icmp6chksum
                0x000000000001244c                uip_udpchksum
                0x000000000001246b                uip_init
                0x00000000000124ca                uip_remove_ext_hdr
                0x00000000000125c5                uip_udp_new
                0x000000000001293e                uip_process
                0x000000000001362c                uip_htons
                0x0000000000013658                uip_htonl
                0x00000000000136a2                uip_send
 .text          0x000000000001379c      0x43e build/cooja/mtype531.a(uip-ds6-nbr.o)
                0x000000000001379c                uip_ds6_neighbors_init
                0x00000000000137d2                uip_ds6_nbr_add
                0x000000000001386c                uip_ds6_nbr_rm
                0x00000000000138cb                uip_ds6_nbr_update_ll
                0x00000000000139c8                uip_ds6_nbr_get_ipaddr
                0x00000000000139e7                uip_ds6_nbr_get_ll
                0x0000000000013a14                uip_ds6_nbr_num
                0x0000000000013a6e                uip_ds6_nbr_head
                0x0000000000013a98                uip_ds6_nbr_next
                0x0000000000013ac5                uip_ds6_nbr_lookup
                0x0000000000013b2c                uip_ds6_nbr_ll_lookup
                0x0000000000013b59                uip_ds6_nbr_ipaddr_from_lladdr
                0x0000000000013b8c                uip_ds6_nbr_lladdr_from_ipaddr
                0x0000000000013bca                uip_ds6_link_callback
 .text          0x0000000000013bda      0x7d4 build/cooja/mtype531.a(uip-nd6.o)
                0x0000000000014383                uip_nd6_init
 .text          0x00000000000143ae      0x44d build/cooja/mtype531.a(simple-udp.o)
                0x00000000000143ec                simple_udp_send
                0x000000000001445e                simple_udp_sendto
                0x00000000000144c9                simple_udp_sendto_port
                0x0000000000014532                simple_udp_register
 .text          0x00000000000147fb     0x3370 build/cooja/mtype531.a(sicslowpan.o)
                0x0000000000014ef9                netstack_sniffer_add
                0x0000000000014f12                netstack_sniffer_remove
                0x0000000000017b2a                sicslowpan_init
                0x0000000000017b56                sicslowpan_get_last_rssi
 .text          0x0000000000017b6b      0x51a build/cooja/mtype531.a(uiplib.o)
                0x0000000000017b6b                uiplib_ip6addrconv
                0x0000000000017d31                uiplib_ip4addrconv
                0x0000000000017dfe                uiplib_ipaddr_print
                0x0000000000017e62                uiplib_ipaddr_snprint
 .text          0x0000000000018085      0x610 build/cooja/mtype531.a(rpl.o)
                0x0000000000018085                rpl_lollipop_greater_than
                0x00000000000180e8                rpl_get_global_address
                0x000000000001821e                rpl_link_callback
                0x0000000000018281                rpl_has_joined
                0x00000000000182b7                rpl_is_reachable
                0x000000000001835a                rpl_reset_prefix
                0x00000000000183d6                rpl_set_prefix_from_addr
                0x00000000000184e8                rpl_set_prefix
                0x000000000001865c                rpl_set_leaf_only
                0x000000000001867f                rpl_get_leaf_only
 .text          0x0000000000018695     0x1491 build/cooja/mtype531.a(rpl-icmp6.o)
                0x00000000000187f2                rpl_icmp6_update_nbr_table
                0x00000000000188a4                rpl_icmp6_dis_output
                0x0000000000018eb9                rpl_icmp6_dio_output
                0x0000000000019712                rpl_icmp6_dao_output
                0x0000000000019a3f                rpl_icmp6_dao_ack_output
                0x0000000000019ac6                rpl_icmp6_init
 .text          0x0000000000019b26      0x2e4 build/cooja/mtype531.a(rpl-dag-root.o)
                0x0000000000019b26                rpl_dag_root_print_links
                0x0000000000019c7f                rpl_dag_root_set_prefix
                0x0000000000019cba                rpl_dag_root_start
                0x0000000000019dc8                rpl_dag_root_is_root
 .text          0x0000000000019e0a       0x6b build/cooja/mtype531.a(watchdog.o)
                0x0000000000019e0a                watchdog_init
                0x0000000000019e1a                watchdog_start
                0x0000000000019e2a                watchdog_periodic
                0x0000000000019e55                watchdog_stop
                0x0000000000019e65                watchdog_reboot
 .text          0x0000000000019e75       0x75 build/cooja/mtype531.a(int-master.o)
                0x0000000000019e75                int_master_enable
                0x0000000000019e8f                int_master_read_and_disable
                0x0000000000019eb7                int_master_status_set
                0x0000000000019ed0                int_master_is_enabled
 .text          0x0000000000019eea      0x11d build/cooja/mtype531.a(stimer.o)
                0x0000000000019eea                stimer_set
                0x0000000000019f19                stimer_reset
                0x0000000000019f50                stimer_restart
                0x0000000000019f76                stimer_expired
                0x0000000000019fb2                stimer_remaining
                0x0000000000019fde                stimer_elapsed
 .text          0x000000000001a007      0x188 build/cooja/mtype531.a(ringbuf.o)
                0x000000000001a007                ringbuf_init
                0x000000000001a043                ringbuf_put
                0x000000000001a0cb                ringbuf_get
                0x000000000001a142                ringbuf_size
                0x000000000001a15e                ringbuf_elements
 .text          0x000000000001a18f      0x1ec build/cooja/mtype531.a(memb.o)
                0x000000000001a18f                memb_init
                0x000000000001a1f3                memb_alloc
                0x000000000001a260                memb_free
                0x000000000001a2e1                memb_inmemb
                0x000000000001a32a                memb_numfree
 .text          0x000000000001a37b       0x31 build/cooja/mtype531.a(assert.o)
                0x000000000001a37b                _xassert
 .text          0x000000000001a3ac      0xb68 build/cooja/mtype531.a(nbr-table.o)
                0x000000000001a74e                nbr_table_count_entries
                0x000000000001a7fb                nbr_table_gc_get_worst
                0x000000000001a83b                nbr_table_can_accept_new
                0x000000000001a9c4                nbr_table_entry_is_allowed
                0x000000000001aa64                nbr_table_register
                0x000000000001aae2                nbr_table_is_registered
                0x000000000001ab27                nbr_table_head
                0x000000000001ab94                nbr_table_next
                0x000000000001ac06                nbr_table_add_lladdr
                0x000000000001ad55                nbr_table_get_from_lladdr
                0x000000000001adb2                nbr_table_remove
                0x000000000001adfd                nbr_table_lock
                0x000000000001ae23                nbr_table_unlock
                0x000000000001ae49                nbr_table_get_lladdr
                0x000000000001ae7f                nbr_table_clear
                0x000000000001aec4                nbr_table_key_head
                0x000000000001aeee                nbr_table_key_next
 .text          0x000000000001af14      0x450 build/cooja/mtype531.a(link-stats.o)
                0x000000000001af14                link_stats_from_lladdr
                0x000000000001af41                link_stats_get_lladdr
                0x000000000001af6e                link_stats_is_fresh
                0x000000000001afbb                guess_etx_from_rssi
                0x000000000001b041                link_stats_packet_sent
                0x000000000001b185                link_stats_input_callback
                0x000000000001b2b9                link_stats_reset
                0x000000000001b31b                link_stats_init
 .text          0x000000000001b364      0x1a8 build/cooja/mtype531.a(mac-sequence.o)
                0x000000000001b364                mac_sequence_is_duplicate
                0x000000000001b424                mac_sequence_register_seqno
 .text          0x000000000001b50c       0x2d build/cooja/mtype531.a(mac.o)
                0x000000000001b50c                mac_call_sent_callback
 .text          0x000000000001b539      0x477 build/cooja/mtype531.a(framer-802154.o)
                0x000000000001b6dc                framer_802154_setup_params
 .text          0x000000000001b9b0      0xc1a build/cooja/mtype531.a(frame802154.o)
                0x000000000001b9eb                frame802154_get_pan_id
                0x000000000001ba01                frame802154_set_pan_id
                0x000000000001ba26                frame802154_has_panid
                0x000000000001bbdf                frame802154_check_dest_panid
                0x000000000001bc71                frame802154_is_broadcast_addr
                0x000000000001bcc8                frame802154_extract_linkaddr
                0x000000000001bf51                frame802154_hdrlen
                0x000000000001bfce                frame802154_create_fcf
                0x000000000001c090                frame802154_create
                0x000000000001c21b                frame802154_parse_fcf
                0x000000000001c307                frame802154_parse
 .text          0x000000000001c5ca       0x4e build/cooja/mtype531.a(csma-security.o)
                0x000000000001c5ca                csma_security_create_frame
                0x000000000001c5fb                csma_security_parse_frame
 .text          0x000000000001c618      0x5be build/cooja/mtype531.a(uipbuf.o)
                0x000000000001c618                uipbuf_clear
                0x000000000001c64f                uipbuf_add_ext_hdr
                0x000000000001c6ea                uipbuf_set_len
                0x000000000001c724                uipbuf_set_len_field
                0x000000000001c75a                uipbuf_get_len_field
                0x000000000001c784                uipbuf_get_next_header
                0x000000000001c8c0                uipbuf_get_last_header
                0x000000000001c943                uipbuf_search_header
                0x000000000001ca07                uipbuf_get_attr
                0x000000000001ca38                uipbuf_set_attr
                0x000000000001ca79                uipbuf_set_default_attr
                0x000000000001caba                uipbuf_clear_attr
                0x000000000001cafa                uipbuf_set_attr_flag
                0x000000000001cb26                uipbuf_clr_attr_flag
                0x000000000001cb58                uipbuf_is_attr_flag
                0x000000000001cb86                uipbuf_init
 .text          0x000000000001cbd6      0x8b7 build/cooja/mtype531.a(uip-icmp6.o)
                0x000000000001cc5b                uip_icmp6_input
                0x000000000001ccbc                uip_icmp6_register_input_handler
                0x000000000001ce70                uip_icmp6_error_output
                0x000000000001d1b2                uip_icmp6_send
                0x000000000001d3e0                uip_icmp6_echo_reply_callback_add
                0x000000000001d423                uip_icmp6_echo_reply_callback_rm
                0x000000000001d451                uip_icmp6_init
 .text          0x000000000001d48d      0x772 build/cooja/mtype531.a(uip-sr.o)
                0x000000000001d48d                uip_sr_num_nodes
                0x000000000001d539                uip_sr_get_node
                0x000000000001d5a0                uip_sr_is_addr_reachable
                0x000000000001d65d                uip_sr_expire_parent
                0x000000000001d6b0                uip_sr_update_node
                0x000000000001d7f4                uip_sr_init
                0x000000000001d83a                uip_sr_node_head
                0x000000000001d864                uip_sr_node_next
                0x000000000001d88a                uip_sr_periodic
                0x000000000001d9a6                uip_sr_free_all
                0x000000000001da2b                uip_sr_link_snprint
 .text          0x000000000001dbff      0x1a5 build/cooja/mtype531.a(uip-packetqueue)
                0x000000000001dc3f                uip_packetqueue_new
                0x000000000001dc58                uip_packetqueue_alloc
                0x000000000001dcc7                uip_packetqueue_free
                0x000000000001dd1f                uip_packetqueue_buf
                0x000000000001dd46                uip_packetqueue_buflen
                0x000000000001dd71                uip_packetqueue_set_buflen
 .text          0x000000000001dda4      0x152 build/cooja/mtype531.a(uip-udp-packet.)
                0x000000000001dda4                uip_udp_packet_send
                0x000000000001de1d                uip_udp_packet_sendto
 .text          0x000000000001def6       0x8d build/cooja/mtype531.a(rpl-nbr-policy.)
                0x000000000001df42                rpl_nbr_gc_get_worst
 .text          0x000000000001df83      0xaad build/cooja/mtype531.a(rpl-neighbor.o)
                0x000000000001e01f                rpl_neighbor_snprint
                0x000000000001e307                rpl_neighbor_print_list
                0x000000000001e3da                rpl_neighbor_count
                0x000000000001e4bd                rpl_neighbor_get_from_lladdr
                0x000000000001e4ea                rpl_neighbor_is_acceptable_parent
                0x000000000001e530                rpl_neighbor_get_link_metric
                0x000000000001e576                rpl_neighbor_rank_via_nbr
                0x000000000001e5bc                rpl_neighbor_get_lladdr
                0x000000000001e5e9                rpl_neighbor_get_ipaddr
                0x000000000001e61f                rpl_neighbor_get_link_stats
                0x000000000001e655                rpl_neighbor_is_fresh
                0x000000000001e68b                rpl_neighbor_is_parent
                0x000000000001e6c2                rpl_neighbor_set_preferred_parent
                0x000000000001e77c                rpl_neighbor_remove_all
                0x000000000001e7e9                rpl_neighbor_get_from_ipaddr
                0x000000000001e923                rpl_neighbor_select_best
                0x000000000001e9fe                rpl_neighbor_init
 .text          0x000000000001ea30     0x11f4 build/cooja/mtype531.a(rpl-dag.o)
                0x000000000001ea30                rpl_dag_state_to_str
                0x000000000001ea7e                rpl_dag_get_root_ipaddr
                0x000000000001eace                rpl_dag_leave
                0x000000000001eb84                rpl_dag_poison_and_leave
                0x000000000001ebb0                rpl_dag_periodic
                0x000000000001ec75                rpl_is_addr_in_our_dag
                0x000000000001ecd4                rpl_get_default_instance
                0x000000000001ecfe                rpl_get_any_dag
                0x000000000001ed74                rpl_refresh_routes
                0x000000000001edd7                rpl_global_repair
                0x000000000001eea8                rpl_local_repair
                0x000000000001ef0d                rpl_dag_ready_to_advertise
                0x000000000001ef66                rpl_dag_update_state
                0x000000000001f7e2                rpl_process_dio
                0x000000000001f87d                rpl_process_dis
                0x000000000001f8d3                rpl_process_dao
                0x000000000001f974                rpl_process_dao_ack
                0x000000000001fa30                rpl_process_hbh
                0x000000000001fa90                rpl_dag_init_root
                0x000000000001fbf2                rpl_dag_init
 .text          0x000000000001fc24      0xd8d build/cooja/mtype531.a(rpl-timers.o)
                0x000000000001fc24                rpl_timers_schedule_periodic_dis
                0x000000000001fdce                rpl_timers_dio_reset
                0x000000000001ff46                rpl_timers_schedule_unicast_dio
                0x0000000000020119                rpl_timers_schedule_dao
                0x000000000002021f                rpl_timers_schedule_dao_ack
                0x00000000000202ee                rpl_timers_notify_dao_ack
                0x0000000000020374                get_probing_delay
                0x00000000000203b9                get_probing_target
                0x00000000000205ee                rpl_schedule_probing
                0x000000000002063a                rpl_schedule_probing_now
                0x00000000000206d4                rpl_timers_unschedule_leaving
                0x000000000002072e                rpl_timers_schedule_leaving
                0x0000000000020793                rpl_timers_init
                0x0000000000020855                rpl_timers_stop_dag_timers
                0x0000000000020912                rpl_timers_unschedule_state_update
                0x000000000002094e                rpl_timers_schedule_state_update
 .text          0x00000000000209b1      0xd42 build/cooja/mtype531.a(rpl-ext-header.)
                0x00000000000209b1                rpl_ext_header_srh_get_next_hop
                0x0000000000020abc                rpl_ext_header_srh_update
                0x00000000000210ee                rpl_ext_header_hbh_update
                0x000000000002146d                rpl_ext_header_update
                0x000000000002151c                rpl_ext_header_remove
 .text          0x00000000000216f3      0x39b build/cooja/mtype531.a(rpl-mrhof.o)
 *fill*         0x0000000000021a8e        0x2 
 .text          0x0000000000021a90       0x14 /usr/lib/i386-linux-gnu/libc_nonshared.a(stack_chk_fail_local.oS)
                0x0000000000021a90                __stack_chk_fail_local
 .text          0x0000000000021aa4        0x0 /usr/lib/gcc/i686-linux-gnu/7/crtendS.o
 .text          0x0000000000021aa4        0x0 /usr/lib/gcc/i686-linux-gnu/7/../../../i386-linux-gnu/crtn.o
 *(.gnu.warning)

.fini           0x0000000000021aa4       0x14
 *(SORT_NONE(.fini))
 .fini          0x0000000000021aa4        0xf /usr/lib/gcc/i686-linux-gnu/7/../../../i386-linux-gnu/crti.o
                0x0000000000021aa4                _fini
 .fini          0x0000000000021ab3        0x5 /usr/lib/gcc/i686-linux-gnu/7/../../../i386-linux-gnu/crtn.o
                [!provide]                        PROVIDE (__etext = .)
                [!provide]                        PROVIDE (_etext = .)
                [!provide]                        PROVIDE (etext = .)

.rodata         0x0000000000021ab8      0x5ef
 *(.rodata .rodata.* .gnu.linkonce.r.*)
 .rodata        0x0000000000021ab8       0x7a sensor-node.o
 *fill*         0x0000000000021b32        0x2 
 .rodata        0x0000000000021b34       0x10 build/cooja/obj/virtual-sensor.o
 .rodata        0x0000000000021b44        0x6 build/cooja/mtype531.a(leds-arch.o)
                0x0000000000021b44                leds_arch_leds
 .rodata        0x0000000000021b4a        0x4 build/cooja/mtype531.a(pir-sensor.o)
 .rodata        0x0000000000021b4e        0x6 build/cooja/mtype531.a(rs232.o)
 .rodata        0x0000000000021b54        0xa build/cooja/mtype531.a(vib-sensor.o)
 *fill*         0x0000000000021b5e        0x2 
 .rodata        0x0000000000021b60       0x27 build/cooja/mtype531.a(cfs-cooja.o)
 *fill*         0x0000000000021b87        0x1 
 .rodata        0x0000000000021b88       0x68 build/cooja/mtype531.a(cooja-radio.o)
 .rodata        0x0000000000021bf0        0x8 build/cooja/mtype531.a(sensors.o)
 .rodata        0x0000000000021bf8       0x14 build/cooja/mtype531.a(buttons.o)
                0x0000000000021c04                button_hal_button_count
 .rodata        0x0000000000021c0c       0xf4 build/cooja/mtype531.a(contiki-main.o)
 .rodata        0x0000000000021d00        0xf build/cooja/mtype531.a(ctimer.o)
 *fill*         0x0000000000021d0f        0x1 
 .rodata        0x0000000000021d10       0xc4 build/cooja/mtype531.a(log.o)
 .rodata        0x0000000000021dd4        0xc build/cooja/mtype531.a(etimer.o)
 .rodata        0x0000000000021de0       0x13 build/cooja/mtype531.a(button-hal.o)
 .rodata        0x0000000000021df3        0xe build/cooja/mtype531.a(serial-line.o)
 *fill*         0x0000000000021e01        0x3 
 .rodata        0x0000000000021e04        0x8 build/cooja/mtype531.a(linkaddr.o)
                0x0000000000021e04                linkaddr_null
 .rodata        0x0000000000021e0c        0x5 build/cooja/mtype531.a(csma.o)
 *fill*         0x0000000000021e11        0x3 
 .rodata        0x0000000000021e14       0x24 build/cooja/mtype531.a(csma-output.o)
 .rodata        0x0000000000021e38       0x4d build/cooja/mtype531.a(uip-ds6-route.o)
 .rodata        0x0000000000021e85        0xd build/cooja/mtype531.a(tcpip.o)
 .rodata        0x0000000000021e92       0x13 build/cooja/mtype531.a(simple-udp.o)
 *fill*         0x0000000000021ea5        0x3 
 .rodata        0x0000000000021ea8       0x1f build/cooja/mtype531.a(sicslowpan.o)
                0x0000000000021ea8                unc_llconf
                0x0000000000021eac                unc_ctxconf
                0x0000000000021eb0                unc_mxconf
                0x0000000000021eb4                llprefix
 .rodata        0x0000000000021ec7       0x2d build/cooja/mtype531.a(uiplib.o)
 .rodata        0x0000000000021ef4        0x9 build/cooja/mtype531.a(rpl.o)
 *fill*         0x0000000000021efd        0x3 
 .rodata        0x0000000000021f00       0x25 build/cooja/mtype531.a(assert.o)
 .rodata        0x0000000000021f25       0x44 build/cooja/mtype531.a(uip-sr.o)
 *fill*         0x0000000000021f69        0x3 
 .rodata        0x0000000000021f6c       0x58 build/cooja/mtype531.a(rpl-neighbor.o)
 .rodata        0x0000000000021fc4       0xd7 build/cooja/mtype531.a(rpl-dag.o)
 .rodata        0x000000000002209b        0xc build/cooja/mtype531.a(rpl-timers.o)

.rodata1
 *(.rodata1)

.eh_frame_hdr   0x00000000000220a8     0x1684
 *(.eh_frame_hdr)
 .eh_frame_hdr  0x00000000000220a8     0x1684 sensor-node.o
                0x00000000000220a8                __GNU_EH_FRAME_HDR
 *(.eh_frame_entry .eh_frame_entry.*)

.eh_frame       0x000000000002372c     0x610c
 *(.eh_frame)
 .eh_frame      0x000000000002372c       0x3c /usr/lib/gcc/i686-linux-gnu/7/../../../i386-linux-gnu/crti.o
                                         0x40 (size before relaxing)
 .eh_frame      0x0000000000023768       0x14 /usr/lib/gcc/i686-linux-gnu/7/../../../i386-linux-gnu/crti.o
                                         0x2c (size before relaxing)
 .eh_frame      0x000000000002377c       0x24 sensor-node.o
                                         0x50 (size before relaxing)
 .eh_frame      0x00000000000237a0      0x1ac build/cooja/mtype531.o
                                        0x1ec (size before relaxing)
 .eh_frame      0x000000000002394c       0x64 build/cooja/obj/virtual-sensor.o
                                         0xa4 (size before relaxing)
 .eh_frame      0x00000000000239b0       0x48 build/cooja/mtype531.a(simEnvChange.o)
                                         0x74 (size before relaxing)
 .eh_frame      0x00000000000239f8       0x6c build/cooja/mtype531.a(cooja_mt.o)
                                         0x98 (size before relaxing)
 .eh_frame      0x0000000000023a64       0x88 build/cooja/mtype531.a(cooja_mtarch.o)
                                         0xc8 (size before relaxing)
 .eh_frame      0x0000000000023aec       0xe4 build/cooja/mtype531.a(rtimer-arch.o)
                                        0x110 (size before relaxing)
 .eh_frame      0x0000000000023bd0      0x160 build/cooja/mtype531.a(beep.o)
                                        0x18c (size before relaxing)
 .eh_frame      0x0000000000023d30       0x88 build/cooja/mtype531.a(leds-arch.o)
                                         0xc8 (size before relaxing)
 .eh_frame      0x0000000000023db8       0x44 build/cooja/mtype531.a(moteid.o)
                                         0x70 (size before relaxing)
 .eh_frame      0x0000000000023dfc       0xa4 build/cooja/mtype531.a(pir-sensor.o)
                                         0xe4 (size before relaxing)
 .eh_frame      0x0000000000023ea0      0x110 build/cooja/mtype531.a(rs232.o)
                                        0x150 (size before relaxing)
 .eh_frame      0x0000000000023fb0       0xa4 build/cooja/mtype531.a(vib-sensor.o)
                                         0xe4 (size before relaxing)
 .eh_frame      0x0000000000024054       0xc0 build/cooja/mtype531.a(clock.o)
                                         0xec (size before relaxing)
 .eh_frame      0x0000000000024114      0x130 build/cooja/mtype531.a(cooja-log.o)
                                        0x170 (size before relaxing)
 .eh_frame      0x0000000000024244      0x16c build/cooja/mtype531.a(cfs-cooja.o)
                                        0x1ac (size before relaxing)
 .eh_frame      0x00000000000243b0      0x354 build/cooja/mtype531.a(cooja-radio.o)
                                        0x394 (size before relaxing)
 .eh_frame      0x0000000000024704       0xa8 build/cooja/mtype531.a(eeprom.o)
                                         0xe8 (size before relaxing)
 .eh_frame      0x00000000000247ac       0x48 build/cooja/mtype531.a(random.o)
                                         0x74 (size before relaxing)
 .eh_frame      0x00000000000247f4       0xd0 build/cooja/mtype531.a(sensors.o)
                                        0x110 (size before relaxing)
 .eh_frame      0x00000000000248c4      0x140 build/cooja/mtype531.a(leds.o)
                                        0x180 (size before relaxing)
 .eh_frame      0x0000000000024a04      0x228 build/cooja/mtype531.a(gpio-hal-arch.o)
                                        0x27c (size before relaxing)
 .eh_frame      0x0000000000024c2c       0xa4 build/cooja/mtype531.a(buttons.o)
                                         0xe4 (size before relaxing)
 .eh_frame      0x0000000000024cd0       0x38 build/cooja/mtype531.a(contiki-main.o)
                                         0x64 (size before relaxing)
 .eh_frame      0x0000000000024d08       0x48 build/cooja/mtype531.a(autostart.o)
                                         0x74 (size before relaxing)
 .eh_frame      0x0000000000024d50      0x11c build/cooja/mtype531.a(ctimer.o)
                                        0x15c (size before relaxing)
 .eh_frame      0x0000000000024e6c      0x144 build/cooja/mtype531.a(log.o)
                                        0x184 (size before relaxing)
 .eh_frame      0x0000000000024fb0       0x60 build/cooja/mtype531.a(energest.o)
                                         0x8c (size before relaxing)
 .eh_frame      0x0000000000025010      0x204 build/cooja/mtype531.a(etimer.o)
                                        0x244 (size before relaxing)
 .eh_frame      0x0000000000025214       0x20 build/cooja/mtype531.a(node-id.o)
                                         0x4c (size before relaxing)
 .eh_frame      0x0000000000025234      0x1ec build/cooja/mtype531.a(process.o)
                                        0x22c (size before relaxing)
 .eh_frame      0x0000000000025420       0x6c build/cooja/mtype531.a(rtimer.o)
                                         0xc0 (size before relaxing)
 .eh_frame      0x000000000002548c       0xb4 build/cooja/mtype531.a(timer.o)
                                         0xe0 (size before relaxing)
 .eh_frame      0x0000000000025540      0x1a0 build/cooja/mtype531.a(list.o)
                                        0x1cc (size before relaxing)
 .eh_frame      0x00000000000256e0      0x188 build/cooja/mtype531.a(button-hal.o)
                                        0x1c8 (size before relaxing)
 .eh_frame      0x0000000000025868       0x6c build/cooja/mtype531.a(serial-line.o)
                                         0x98 (size before relaxing)
 .eh_frame      0x00000000000258d4       0xfc build/cooja/mtype531.a(gpio-hal.o)
                                        0x13c (size before relaxing)
 .eh_frame      0x00000000000259d0      0x1c0 build/cooja/mtype531.a(queuebuf.o)
                                        0x200 (size before relaxing)
 .eh_frame      0x0000000000025b90      0x2b0 build/cooja/mtype531.a(packetbuf.o)
                                        0x2f0 (size before relaxing)
 .eh_frame      0x0000000000025e40       0x90 build/cooja/mtype531.a(netstack.o)
                                         0xd0 (size before relaxing)
 .eh_frame      0x0000000000025ed0       0x64 build/cooja/mtype531.a(linkaddr.o)
                                         0x90 (size before relaxing)
 .eh_frame      0x0000000000025f34       0xf0 build/cooja/mtype531.a(csma.o)
                                        0x130 (size before relaxing)
 .eh_frame      0x0000000000026024      0x1f8 build/cooja/mtype531.a(csma-output.o)
                                        0x238 (size before relaxing)
 .eh_frame      0x000000000002621c      0x364 build/cooja/mtype531.a(uip-ds6.o)
                                        0x3a4 (size before relaxing)
 .eh_frame      0x0000000000026580      0x260 build/cooja/mtype531.a(uip-ds6-route.o)
                                        0x2a0 (size before relaxing)
 .eh_frame      0x00000000000267e0      0x270 build/cooja/mtype531.a(tcpip.o)
                                        0x2b0 (size before relaxing)
 .eh_frame      0x0000000000026a50      0x20c build/cooja/mtype531.a(uip6.o)
                                        0x24c (size before relaxing)
 .eh_frame      0x0000000000026c5c      0x1e8 build/cooja/mtype531.a(uip-ds6-nbr.o)
                                        0x228 (size before relaxing)
 .eh_frame      0x0000000000026e44       0x8c build/cooja/mtype531.a(uip-nd6.o)
                                         0xe0 (size before relaxing)
 .eh_frame      0x0000000000026ed0       0xe8 build/cooja/mtype531.a(simple-udp.o)
                                        0x128 (size before relaxing)
 .eh_frame      0x0000000000026fb8      0x354 build/cooja/mtype531.a(sicslowpan.o)
                                        0x3a8 (size before relaxing)
 .eh_frame      0x000000000002730c       0x9c build/cooja/mtype531.a(uiplib.o)
                                         0xdc (size before relaxing)
 .eh_frame      0x00000000000273a8      0x1fc build/cooja/mtype531.a(rpl.o)
                                        0x23c (size before relaxing)
 .eh_frame      0x00000000000275a4      0x1f0 build/cooja/mtype531.a(rpl-icmp6.o)
                                        0x230 (size before relaxing)
 .eh_frame      0x0000000000027794       0xb0 build/cooja/mtype531.a(rpl-dag-root.o)
                                         0xf0 (size before relaxing)
 .eh_frame      0x0000000000027844       0xa4 build/cooja/mtype531.a(watchdog.o)
                                         0xd0 (size before relaxing)
 .eh_frame      0x00000000000278e8       0x80 build/cooja/mtype531.a(int-master.o)
                                         0xac (size before relaxing)
 .eh_frame      0x0000000000027968       0xd8 build/cooja/mtype531.a(stimer.o)
                                        0x104 (size before relaxing)
 .eh_frame      0x0000000000027a40       0xa0 build/cooja/mtype531.a(ringbuf.o)
                                         0xcc (size before relaxing)
 .eh_frame      0x0000000000027ae0       0xa4 build/cooja/mtype531.a(memb.o)
                                         0xe4 (size before relaxing)
 .eh_frame      0x0000000000027b84       0x24 build/cooja/mtype531.a(assert.o)
                                         0x50 (size before relaxing)
 .eh_frame      0x0000000000027ba8      0x428 build/cooja/mtype531.a(nbr-table.o)
                                        0x468 (size before relaxing)
 .eh_frame      0x0000000000027fd0      0x140 build/cooja/mtype531.a(link-stats.o)
                                        0x180 (size before relaxing)
 .eh_frame      0x0000000000028110       0x50 build/cooja/mtype531.a(mac-sequence.o)
                                         0x7c (size before relaxing)
 .eh_frame      0x0000000000028160       0x20 build/cooja/mtype531.a(mac.o)
                                         0x4c (size before relaxing)
 .eh_frame      0x0000000000028180       0xb4 build/cooja/mtype531.a(framer-802154.o)
                                         0xf4 (size before relaxing)
 .eh_frame      0x0000000000028234      0x1b0 build/cooja/mtype531.a(frame802154.o)
                                        0x1f0 (size before relaxing)
 .eh_frame      0x00000000000283e4       0x44 build/cooja/mtype531.a(csma-security.o)
                                         0x84 (size before relaxing)
 .eh_frame      0x0000000000028428      0x204 build/cooja/mtype531.a(uipbuf.o)
                                        0x230 (size before relaxing)
 .eh_frame      0x000000000002862c      0x170 build/cooja/mtype531.a(uip-icmp6.o)
                                        0x1b0 (size before relaxing)
 .eh_frame      0x000000000002879c      0x1ac build/cooja/mtype531.a(uip-sr.o)
                                        0x1ec (size before relaxing)
 .eh_frame      0x0000000000028948       0xec build/cooja/mtype531.a(uip-packetqueue)
                                        0x12c (size before relaxing)
 .eh_frame      0x0000000000028a34       0x44 build/cooja/mtype531.a(uip-udp-packet.)
                                         0x84 (size before relaxing)
 .eh_frame      0x0000000000028a78       0x48 build/cooja/mtype531.a(rpl-nbr-policy.)
                                         0x88 (size before relaxing)
 .eh_frame      0x0000000000028ac0      0x2ec build/cooja/mtype531.a(rpl-neighbor.o)
                                        0x340 (size before relaxing)
 .eh_frame      0x0000000000028dac      0x3c0 build/cooja/mtype531.a(rpl-dag.o)
                                        0x414 (size before relaxing)
 .eh_frame      0x000000000002916c      0x418 build/cooja/mtype531.a(rpl-timers.o)
                                        0x458 (size before relaxing)
 .eh_frame      0x0000000000029584      0x144 build/cooja/mtype531.a(rpl-ext-header.)
                                        0x184 (size before relaxing)
 .eh_frame      0x00000000000296c8      0x150 build/cooja/mtype531.a(rpl-mrhof.o)
                                        0x190 (size before relaxing)
 .eh_frame      0x0000000000029818       0x1c /usr/lib/i386-linux-gnu/libc_nonshared.a(stack_chk_fail_local.oS)
                                         0x48 (size before relaxing)
 .eh_frame      0x0000000000029834        0x4 /usr/lib/gcc/i686-linux-gnu/7/crtendS.o
 *(.eh_frame.*)

.gcc_except_table
 *(.gcc_except_table .gcc_except_table.*)

.gnu_extab
 *(.gnu_extab*)

.exception_ranges
 *(.exception_ranges .exception_ranges*)
                0x000000000002ac18                . = DATA_SEGMENT_ALIGN (CONSTANT (MAXPAGESIZE), CONSTANT (COMMONPAGESIZE))

.eh_frame
 *(.eh_frame)
 *(.eh_frame.*)

.gnu_extab
 *(.gnu_extab)

.gcc_except_table
 *(.gcc_except_table .gcc_except_table.*)

.exception_ranges
 *(.exception_ranges .exception_ranges*)

.tdata
 *(.tdata .tdata.* .gnu.linkonce.td.*)

.tbss
 *(.tbss .tbss.* .gnu.linkonce.tb.*)
 *(.tcommon)

.preinit_array
 *(.preinit_array)

.init_array     0x000000000002ac18        0x4
 *(SORT_BY_INIT_PRIORITY(.init_array.*) SORT_BY_INIT_PRIORITY(.ctors.*))
 *(.init_array EXCLUDE_FILE(*crtend?.o *crtend.o *crtbegin?.o *crtbegin.o) .ctors)
 .init_array    0x000000000002ac18        0x4 /usr/lib/gcc/i686-linux-gnu/7/crtbeginS.o

.fini_array     0x000000000002ac1c        0x4
 *(SORT_BY_INIT_PRIORITY(.fini_array.*) SORT_BY_INIT_PRIORITY(.dtors.*))
 *(.fini_array EXCLUDE_FILE(*crtend?.o *crtend.o *crtbegin?.o *crtbegin.o) .dtors)
 .fini_array    0x000000000002ac1c        0x4 /usr/lib/gcc/i686-linux-gnu/7/crtbeginS.o

.ctors
 *crtbegin.o(.ctors)
 *crtbegin?.o(.ctors)
 *(EXCLUDE_FILE(*crtend?.o *crtend.o) .ctors)
 *(SORT_BY_NAME(.ctors.*))
 *(.ctors)

.dtors
 *crtbegin.o(.dtors)
 *crtbegin?.o(.dtors)
 *(EXCLUDE_FILE(*crtend?.o *crtend.o) .dtors)
 *(SORT_BY_NAME(.dtors.*))
 *(.dtors)

.jcr
 *(.jcr)

.data.rel.ro    0x000000000002ac20      0x198
 *(.data.rel.ro.local* .gnu.linkonce.d.rel.ro.local.*)
 .data.rel.ro.local
                0x000000000002ac20        0x8 sensor-node.o
                0x000000000002ac20                autostart_processes
 .data.rel.ro.local
                0x000000000002ac28        0x8 build/cooja/mtype531.a(beep.o)
                0x000000000002ac28                beep_interface
 .data.rel.ro.local
                0x000000000002ac30        0x8 build/cooja/mtype531.a(leds-arch.o)
                0x000000000002ac30                leds_interface
 .data.rel.ro.local
                0x000000000002ac38        0x8 build/cooja/mtype531.a(moteid.o)
                0x000000000002ac38                moteid_interface
 .data.rel.ro.local
                0x000000000002ac40       0x18 build/cooja/mtype531.a(pir-sensor.o)
                0x000000000002ac40                pir_interface
                0x000000000002ac48                pir_sensor
 .data.rel.ro.local
                0x000000000002ac58        0x8 build/cooja/mtype531.a(rs232.o)
                0x000000000002ac58                rs232_interface
 .data.rel.ro.local
                0x000000000002ac60       0x18 build/cooja/mtype531.a(vib-sensor.o)
                0x000000000002ac60                vib_interface
                0x000000000002ac68                vib_sensor
 .data.rel.ro.local
                0x000000000002ac78        0x8 build/cooja/mtype531.a(clock.o)
                0x000000000002ac78                clock_interface
 .data.rel.ro.local
                0x000000000002ac80        0x8 build/cooja/mtype531.a(cooja-log.o)
                0x000000000002ac80                simlog_interface
 .data.rel.ro.local
                0x000000000002ac88        0x8 build/cooja/mtype531.a(cfs-cooja.o)
                0x000000000002ac88                cfs_interface
 *fill*         0x000000000002ac90       0x10 
 .data.rel.ro.local
                0x000000000002aca0       0x58 build/cooja/mtype531.a(cooja-radio.o)
                0x000000000002aca0                radio_interface
                0x000000000002acc0                cooja_radio_driver
 .data.rel.ro.local
                0x000000000002acf8        0x8 build/cooja/mtype531.a(eeprom.o)
                0x000000000002acf8                eeprom_interface
 .data.rel.ro.local
                0x000000000002ad00       0x18 build/cooja/mtype531.a(buttons.o)
                0x000000000002ad00                button_interface
                0x000000000002ad08                button_sensor
 .data.rel.ro.local
                0x000000000002ad18       0x1c build/cooja/mtype531.a(csma.o)
                0x000000000002ad18                csma_driver
 .data.rel.ro.local
                0x000000000002ad34       0x10 build/cooja/mtype531.a(sicslowpan.o)
                0x000000000002ad34                sicslowpan_driver
 .data.rel.ro.local
                0x000000000002ad44        0xc build/cooja/mtype531.a(framer-802154.o)
                0x000000000002ad44                framer_802154
 *(.data.rel.ro .data.rel.ro.* .gnu.linkonce.d.rel.ro.*)
 .data.rel.ro   0x000000000002ad50        0x0 /usr/lib/gcc/i686-linux-gnu/7/../../../i386-linux-gnu/crti.o
 *fill*         0x000000000002ad50       0x10 
 .data.rel.ro   0x000000000002ad60       0x54 build/cooja/mtype531.a(rpl.o)
                0x000000000002ad60                rpl_lite_driver
 .data.rel.ro   0x000000000002adb4        0x4 build/cooja/mtype531.a(rpl-dag.o)

.dynamic        0x000000000002adb8       0xf0
 *(.dynamic)
 .dynamic       0x000000000002adb8       0xf0 /usr/lib/gcc/i686-linux-gnu/7/../../../i386-linux-gnu/crti.o
                0x000000000002adb8                _DYNAMIC

.got            0x000000000002aea8      0x148
 *(.got)
 .got           0x000000000002aea8      0x148 /usr/lib/gcc/i686-linux-gnu/7/../../../i386-linux-gnu/crti.o
 *(.igot)
                0x000000000002aff4                . = DATA_SEGMENT_RELRO_END (., (SIZEOF (.got.plt) >= 0xc)?0xc:0x0)

.got.plt        0x000000000002b000      0x4b4
 *(.got.plt)
 .got.plt       0x000000000002b000      0x4b4 /usr/lib/gcc/i686-linux-gnu/7/../../../i386-linux-gnu/crti.o
                0x000000000002b000                _GLOBAL_OFFSET_TABLE_
 *(.igot.plt)

.data           0x000000000002b4c0      0x384
 *(.data .data.* .gnu.linkonce.d.*)
 .data          0x000000000002b4c0        0x0 /usr/lib/gcc/i686-linux-gnu/7/../../../i386-linux-gnu/crti.o
 .data          0x000000000002b4c0        0x0 /usr/lib/gcc/i686-linux-gnu/7/crtbeginS.o
 .data.rel.local
                0x000000000002b4c0        0x4 /usr/lib/gcc/i686-linux-gnu/7/crtbeginS.o
                0x000000000002b4c0                __dso_handle
 .data          0x000000000002b4c4        0x0 sensor-node.o
 .data.rel.local
                0x000000000002b4c4       0x10 sensor-node.o
                0x000000000002b4c4                sensor_node
 .data          0x000000000002b4d4        0x0 build/cooja/mtype531.o
 *fill*         0x000000000002b4d4        0xc 
 .data.rel      0x000000000002b4e0       0x44 build/cooja/mtype531.o
                0x000000000002b4e0                simInterfaces
                0x000000000002b514                sensors
 .data          0x000000000002b524        0x0 build/cooja/obj/virtual-sensor.o
 .data          0x000000000002b524        0x0 build/cooja/mtype531.a(simEnvChange.o)
 .data          0x000000000002b524        0x0 build/cooja/mtype531.a(cooja_mt.o)
 .data          0x000000000002b524        0x0 build/cooja/mtype531.a(cooja_mtarch.o)
 .data          0x000000000002b524        0x0 build/cooja/mtype531.a(rtimer-arch.o)
 .data          0x000000000002b524        0x0 build/cooja/mtype531.a(beep.o)
 .data          0x000000000002b524        0x0 build/cooja/mtype531.a(leds-arch.o)
 .data          0x000000000002b524        0x0 build/cooja/mtype531.a(moteid.o)
 .data          0x000000000002b524        0x0 build/cooja/mtype531.a(pir-sensor.o)
 .data          0x000000000002b524        0x0 build/cooja/mtype531.a(rs232.o)
 .data          0x000000000002b524        0x0 build/cooja/mtype531.a(vib-sensor.o)
 .data          0x000000000002b524        0x0 build/cooja/mtype531.a(clock.o)
 .data          0x000000000002b524        0x0 build/cooja/mtype531.a(cooja-log.o)
 .data          0x000000000002b524        0x0 build/cooja/mtype531.a(cfs-cooja.o)
 .data          0x000000000002b524       0x1c build/cooja/mtype531.a(cooja-radio.o)
                0x000000000002b524                simRadioHWOn
                0x000000000002b528                simSignalStrength
                0x000000000002b52c                simLastSignalStrength
                0x000000000002b530                simPower
                0x000000000002b534                simRadioChannel
                0x000000000002b538                simLQI
 .data.rel.local
                0x000000000002b540       0x10 build/cooja/mtype531.a(cooja-radio.o)
                0x000000000002b540                cooja_radio_process
 .data          0x000000000002b550        0x0 build/cooja/mtype531.a(eeprom.o)
 .data          0x000000000002b550        0x0 build/cooja/mtype531.a(random.o)
 .data          0x000000000002b550        0x0 build/cooja/mtype531.a(sensors.o)
 .data.rel.local
                0x000000000002b550       0x10 build/cooja/mtype531.a(sensors.o)
                0x000000000002b550                sensors_process
 .data          0x000000000002b560        0x0 build/cooja/mtype531.a(leds.o)
 .data          0x000000000002b560        0x0 build/cooja/mtype531.a(gpio-hal-arch.o)
 .data          0x000000000002b560        0x1 build/cooja/mtype531.a(buttons.o)
                0x000000000002b560                simButtonIsActive
 *fill*         0x000000000002b561       0x1f 
 .data.rel.local
                0x000000000002b580       0x58 build/cooja/mtype531.a(buttons.o)
                0x000000000002b5d0                button_hal_buttons
 .data          0x000000000002b5d8        0x0 build/cooja/mtype531.a(contiki-main.o)
 .data          0x000000000002b5d8        0x0 build/cooja/mtype531.a(autostart.o)
 .data          0x000000000002b5d8        0x0 build/cooja/mtype531.a(ctimer.o)
 .data.rel.local
                0x000000000002b5d8       0x14 build/cooja/mtype531.a(ctimer.o)
                0x000000000002b5dc                ctimer_process
 .data          0x000000000002b5ec        0x4 build/cooja/mtype531.a(log.o)
                0x000000000002b5ec                curr_log_level_main
 *fill*         0x000000000002b5f0       0x10 
 .data.rel.local
                0x000000000002b600       0x9c build/cooja/mtype531.a(log.o)
                0x000000000002b600                all_modules
 .data          0x000000000002b69c        0x0 build/cooja/mtype531.a(energest.o)
 .data          0x000000000002b69c        0x0 build/cooja/mtype531.a(etimer.o)
 .data.rel.local
                0x000000000002b69c       0x10 build/cooja/mtype531.a(etimer.o)
                0x000000000002b69c                etimer_process
 .data          0x000000000002b6ac        0x0 build/cooja/mtype531.a(node-id.o)
 .data          0x000000000002b6ac        0x0 build/cooja/mtype531.a(process.o)
 .data          0x000000000002b6ac        0x0 build/cooja/mtype531.a(rtimer.o)
 .data          0x000000000002b6ac        0x0 build/cooja/mtype531.a(timer.o)
 .data          0x000000000002b6ac        0x0 build/cooja/mtype531.a(list.o)
 .data          0x000000000002b6ac        0x0 build/cooja/mtype531.a(button-hal.o)
 .data.rel.local
                0x000000000002b6ac       0x10 build/cooja/mtype531.a(button-hal.o)
                0x000000000002b6ac                button_hal_process
 .data          0x000000000002b6bc        0x0 build/cooja/mtype531.a(serial-line.o)
 .data.rel.local
                0x000000000002b6bc       0x10 build/cooja/mtype531.a(serial-line.o)
                0x000000000002b6bc                serial_line_process
 .data          0x000000000002b6cc        0x0 build/cooja/mtype531.a(gpio-hal.o)
 .data.rel.local
                0x000000000002b6cc        0x4 build/cooja/mtype531.a(gpio-hal.o)
 .data          0x000000000002b6d0        0x0 build/cooja/mtype531.a(queuebuf.o)
 .data.rel.local
                0x000000000002b6d0       0x18 build/cooja/mtype531.a(queuebuf.o)
 .data          0x000000000002b6e8        0x0 build/cooja/mtype531.a(packetbuf.o)
 .data.rel.local
                0x000000000002b6e8        0x4 build/cooja/mtype531.a(packetbuf.o)
 .data          0x000000000002b6ec        0x0 build/cooja/mtype531.a(netstack.o)
 .data.rel.local
                0x000000000002b6ec        0x4 build/cooja/mtype531.a(netstack.o)
 .data          0x000000000002b6f0        0x0 build/cooja/mtype531.a(linkaddr.o)
 .data          0x000000000002b6f0        0x0 build/cooja/mtype531.a(csma.o)
 .data          0x000000000002b6f0        0x0 build/cooja/mtype531.a(csma-output.o)
 .data.rel.local
                0x000000000002b6f0       0x28 build/cooja/mtype531.a(csma-output.o)
 .data          0x000000000002b718        0x0 build/cooja/mtype531.a(uip-ds6.o)
 .data          0x000000000002b718        0x0 build/cooja/mtype531.a(uip-ds6-route.o)
 .data.rel.local
                0x000000000002b718       0x10 build/cooja/mtype531.a(uip-ds6-route.o)
 .data          0x000000000002b728        0x0 build/cooja/mtype531.a(tcpip.o)
 .data.rel.local
                0x000000000002b728       0x10 build/cooja/mtype531.a(tcpip.o)
                0x000000000002b728                tcpip_process
 .data          0x000000000002b738        0x0 build/cooja/mtype531.a(uip6.o)
 .data          0x000000000002b738        0x0 build/cooja/mtype531.a(uip-ds6-nbr.o)
 .data.rel.local
                0x000000000002b738       0x14 build/cooja/mtype531.a(uip-ds6-nbr.o)
 .data          0x000000000002b74c        0x0 build/cooja/mtype531.a(uip-nd6.o)
 .data.rel.local
                0x000000000002b74c        0xc build/cooja/mtype531.a(uip-nd6.o)
 .data          0x000000000002b758        0x0 build/cooja/mtype531.a(simple-udp.o)
 .data.rel.local
                0x000000000002b758       0x10 build/cooja/mtype531.a(simple-udp.o)
                0x000000000002b758                simple_udp_process
 .data          0x000000000002b768        0x0 build/cooja/mtype531.a(sicslowpan.o)
 .data          0x000000000002b768        0x0 build/cooja/mtype531.a(uiplib.o)
 .data          0x000000000002b768        0x0 build/cooja/mtype531.a(rpl.o)
 .data          0x000000000002b768        0x0 build/cooja/mtype531.a(rpl-icmp6.o)
 .data.rel.local
                0x000000000002b768       0x30 build/cooja/mtype531.a(rpl-icmp6.o)
 .data          0x000000000002b798        0x0 build/cooja/mtype531.a(rpl-dag-root.o)
 .data          0x000000000002b798        0x0 build/cooja/mtype531.a(watchdog.o)
 .data          0x000000000002b798        0x0 build/cooja/mtype531.a(int-master.o)
 .data          0x000000000002b798        0x0 build/cooja/mtype531.a(stimer.o)
 .data          0x000000000002b798        0x0 build/cooja/mtype531.a(ringbuf.o)
 .data          0x000000000002b798        0x0 build/cooja/mtype531.a(memb.o)
 .data          0x000000000002b798        0x0 build/cooja/mtype531.a(assert.o)
 .data          0x000000000002b798        0x0 build/cooja/mtype531.a(nbr-table.o)
 .data.rel.local
                0x000000000002b798       0x10 build/cooja/mtype531.a(nbr-table.o)
 .data          0x000000000002b7a8        0x0 build/cooja/mtype531.a(link-stats.o)
 .data.rel.local
                0x000000000002b7a8       0x14 build/cooja/mtype531.a(link-stats.o)
 .data          0x000000000002b7bc        0x0 build/cooja/mtype531.a(mac-sequence.o)
 .data          0x000000000002b7bc        0x0 build/cooja/mtype531.a(mac.o)
 .data          0x000000000002b7bc        0x0 build/cooja/mtype531.a(framer-802154.o)
 .data          0x000000000002b7bc        0x2 build/cooja/mtype531.a(frame802154.o)
 .data          0x000000000002b7be        0x0 build/cooja/mtype531.a(csma-security.o)
 .data          0x000000000002b7be        0x0 build/cooja/mtype531.a(uipbuf.o)
 .data          0x000000000002b7be        0x0 build/cooja/mtype531.a(uip-icmp6.o)
 *fill*         0x000000000002b7be        0x2 
 .data.rel.local
                0x000000000002b7c0       0x20 build/cooja/mtype531.a(uip-icmp6.o)
 .data          0x000000000002b7e0        0x0 build/cooja/mtype531.a(uip-sr.o)
 .data.rel.local
                0x000000000002b7e0       0x10 build/cooja/mtype531.a(uip-sr.o)
 .data          0x000000000002b7f0        0x0 build/cooja/mtype531.a(uip-packetqueue)
 .data.rel.local
                0x000000000002b7f0        0xc build/cooja/mtype531.a(uip-packetqueue)
 .data          0x000000000002b7fc        0x0 build/cooja/mtype531.a(uip-udp-packet.)
 .data          0x000000000002b7fc        0x0 build/cooja/mtype531.a(rpl-nbr-policy.)
 .data          0x000000000002b7fc        0x0 build/cooja/mtype531.a(rpl-neighbor.o)
 .data.rel.local
                0x000000000002b7fc       0x14 build/cooja/mtype531.a(rpl-neighbor.o)
                0x000000000002b80c                rpl_neighbors
 .data          0x000000000002b810        0x0 build/cooja/mtype531.a(rpl-dag.o)
 .data          0x000000000002b810        0x0 build/cooja/mtype531.a(rpl-timers.o)
 .data          0x000000000002b810        0x0 build/cooja/mtype531.a(rpl-ext-header.)
 .data          0x000000000002b810        0x0 build/cooja/mtype531.a(rpl-mrhof.o)
 *fill*         0x000000000002b810       0x10 
 .data.rel.local
                0x000000000002b820       0x24 build/cooja/mtype531.a(rpl-mrhof.o)
                0x000000000002b820                rpl_mrhof
 .data          0x000000000002b844        0x0 /usr/lib/i386-linux-gnu/libc_nonshared.a(stack_chk_fail_local.oS)
 .data          0x000000000002b844        0x0 /usr/lib/gcc/i686-linux-gnu/7/crtendS.o
 .data          0x000000000002b844        0x0 /usr/lib/gcc/i686-linux-gnu/7/../../../i386-linux-gnu/crtn.o

.tm_clone_table
                0x000000000002b844        0x0
 .tm_clone_table
                0x000000000002b844        0x0 /usr/lib/gcc/i686-linux-gnu/7/crtbeginS.o
 .tm_clone_table
                0x000000000002b844        0x0 /usr/lib/gcc/i686-linux-gnu/7/crtendS.o

.data1
 *(.data1)
                0x000000000002b844                _edata = .
                [!provide]                        PROVIDE (edata = .)
                0x000000000002b844                . = .
                0x000000000002b844                __bss_start = .

.bss            0x000000000002b860    0x13d04
 *(.dynbss)
 .dynbss        0x000000000002b860        0x0 /usr/lib/gcc/i686-linux-gnu/7/../../../i386-linux-gnu/crti.o
 *(.bss .bss.* .gnu.linkonce.b.*)
 .bss           0x000000000002b860        0x0 /usr/lib/gcc/i686-linux-gnu/7/../../../i386-linux-gnu/crti.o
 .bss           0x000000000002b860        0x1 /usr/lib/gcc/i686-linux-gnu/7/crtbeginS.o
 *fill*         0x000000000002b861       0x1f 
 .bss           0x000000000002b880       0x60 sensor-node.o
 .bss           0x000000000002b8e0     0x2040 build/cooja/mtype531.o
 .bss           0x000000000002d920        0x0 build/cooja/obj/virtual-sensor.o
 .bss           0x000000000002d920        0x1 build/cooja/mtype531.a(simEnvChange.o)
                0x000000000002d920                simDontFallAsleep
 *fill*         0x000000000002d921        0x3 
 .bss           0x000000000002d924        0x4 build/cooja/mtype531.a(cooja_mt.o)
 .bss           0x000000000002d928        0x4 build/cooja/mtype531.a(cooja_mtarch.o)
 .bss           0x000000000002d92c        0x0 build/cooja/mtype531.a(rtimer-arch.o)
 .bss           0x000000000002d92c        0x0 build/cooja/mtype531.a(beep.o)
 .bss           0x000000000002d92c        0x1 build/cooja/mtype531.a(leds-arch.o)
                0x000000000002d92c                simLedsValue
 .bss           0x000000000002d92d        0x0 build/cooja/mtype531.a(moteid.o)
 .bss           0x000000000002d92d        0x1 build/cooja/mtype531.a(pir-sensor.o)
                0x000000000002d92d                simPirValue
 *fill*         0x000000000002d92e        0x2 
 .bss           0x000000000002d930        0x4 build/cooja/mtype531.a(rs232.o)
 .bss           0x000000000002d934        0x1 build/cooja/mtype531.a(vib-sensor.o)
                0x000000000002d934                simVibValue
 .bss           0x000000000002d935        0x0 build/cooja/mtype531.a(clock.o)
 *fill*         0x000000000002d935        0xb 
 .bss           0x000000000002d940     0x2020 build/cooja/mtype531.a(cooja-log.o)
 .bss           0x000000000002f960      0xfc0 build/cooja/mtype531.a(cfs-cooja.o)
                0x000000000002f960                simCFSData
                0x0000000000030900                simCFSSize
                0x0000000000030904                simCFSChanged
                0x0000000000030908                simCFSRead
                0x000000000003090c                simCFSWritten
 .bss           0x0000000000030920       0x24 build/cooja/mtype531.a(cooja-radio.o)
                0x0000000000030920                simReceiving
                0x0000000000030924                simInSize
                0x0000000000030928                simLastPacketTimestamp
                0x0000000000030930                simOutSize
 .bss           0x0000000000030944        0xc build/cooja/mtype531.a(eeprom.o)
                0x0000000000030944                simEEPROMChanged
                0x0000000000030948                simEEPROMRead
                0x000000000003094c                simEEPROMWritten
 .bss           0x0000000000030950        0x0 build/cooja/mtype531.a(random.o)
 .bss           0x0000000000030950        0xc build/cooja/mtype531.a(sensors.o)
 .bss           0x000000000003095c        0x0 build/cooja/mtype531.a(leds.o)
 .bss           0x000000000003095c       0x24 build/cooja/mtype531.a(gpio-hal-arch.o)
 .bss           0x0000000000030980        0x0 build/cooja/mtype531.a(buttons.o)
 .bss           0x0000000000030980        0x0 build/cooja/mtype531.a(contiki-main.o)
 .bss           0x0000000000030980        0x0 build/cooja/mtype531.a(autostart.o)
 .bss           0x0000000000030980        0x5 build/cooja/mtype531.a(ctimer.o)
 *fill*         0x0000000000030985        0x3 
 .bss           0x0000000000030988       0x2c build/cooja/mtype531.a(log.o)
                0x0000000000030988                curr_log_level_rpl
                0x000000000003098c                curr_log_level_tcpip
                0x0000000000030990                curr_log_level_ipv6
                0x0000000000030994                curr_log_level_6lowpan
                0x0000000000030998                curr_log_level_nullnet
                0x000000000003099c                curr_log_level_mac
                0x00000000000309a0                curr_log_level_framer
                0x00000000000309a4                curr_log_level_6top
                0x00000000000309a8                curr_log_level_coap
                0x00000000000309ac                curr_log_level_snmp
                0x00000000000309b0                curr_log_level_lwm2m
 .bss           0x00000000000309b4        0x0 build/cooja/mtype531.a(energest.o)
 .bss           0x00000000000309b4        0x8 build/cooja/mtype531.a(etimer.o)
 .bss           0x00000000000309bc        0x2 build/cooja/mtype531.a(node-id.o)
                0x00000000000309bc                node_id
 *fill*         0x00000000000309be        0x2 
 .bss           0x00000000000309c0      0x1a1 build/cooja/mtype531.a(process.o)
                0x00000000000309c0                process_list
                0x00000000000309c4                process_current
 *fill*         0x0000000000030b61        0x3 
 .bss           0x0000000000030b64        0x4 build/cooja/mtype531.a(rtimer.o)
 .bss           0x0000000000030b68        0x0 build/cooja/mtype531.a(timer.o)
 .bss           0x0000000000030b68        0x0 build/cooja/mtype531.a(list.o)
 .bss           0x0000000000030b68       0x10 build/cooja/mtype531.a(button-hal.o)
 *fill*         0x0000000000030b78        0x8 
 .bss           0x0000000000030b80      0x140 build/cooja/mtype531.a(serial-line.o)
 .bss           0x0000000000030cc0        0x4 build/cooja/mtype531.a(gpio-hal.o)
 *fill*         0x0000000000030cc4       0x1c 
 .bss           0x0000000000030ce0     0x2c80 build/cooja/mtype531.a(queuebuf.o)
 .bss           0x0000000000033960       0xa0 build/cooja/mtype531.a(packetbuf.o)
 .bss           0x0000000000033a00        0x4 build/cooja/mtype531.a(netstack.o)
 .bss           0x0000000000033a04        0x0 build/cooja/mtype531.a(linkaddr.o)
 .bss           0x0000000000033a04        0x0 build/cooja/mtype531.a(csma.o)
 *fill*         0x0000000000033a04       0x1c 
 .bss           0x0000000000033a20      0x726 build/cooja/mtype531.a(csma-output.o)
 *fill*         0x0000000000034146        0x2 
 .bss           0x0000000000034148       0x30 build/cooja/mtype531.a(uip-ds6.o)
 *fill*         0x0000000000034178        0x8 
 .bss           0x0000000000034180       0x60 build/cooja/mtype531.a(uip-ds6-route.o)
 .bss           0x00000000000341e0       0x10 build/cooja/mtype531.a(tcpip.o)
 .bss           0x00000000000341f0        0x8 build/cooja/mtype531.a(uip6.o)
                0x00000000000341f0                uip_ext_bitmap
                0x00000000000341f2                uip_ext_len
                0x00000000000341f4                uip_last_proto
 *fill*         0x00000000000341f8        0x8 
 .bss           0x0000000000034200     0x1c20 build/cooja/mtype531.a(uip-ds6-nbr.o)
 .bss           0x0000000000035e20       0x10 build/cooja/mtype531.a(uip-nd6.o)
 *fill*         0x0000000000035e30       0x10 
 .bss           0x0000000000035e40      0x520 build/cooja/mtype531.a(simple-udp.o)
 .bss           0x0000000000036360      0x724 build/cooja/mtype531.a(sicslowpan.o)
 .bss           0x0000000000036a84        0x0 build/cooja/mtype531.a(uiplib.o)
 .bss           0x0000000000036a84        0x1 build/cooja/mtype531.a(rpl.o)
 .bss           0x0000000000036a85        0x0 build/cooja/mtype531.a(rpl-icmp6.o)
 *fill*         0x0000000000036a85        0x3 
 .bss           0x0000000000036a88       0x11 build/cooja/mtype531.a(rpl-dag-root.o)
 .bss           0x0000000000036a99        0x0 build/cooja/mtype531.a(watchdog.o)
 *fill*         0x0000000000036a99        0x3 
 .bss           0x0000000000036a9c        0x4 build/cooja/mtype531.a(int-master.o)
 .bss           0x0000000000036aa0        0x0 build/cooja/mtype531.a(stimer.o)
 .bss           0x0000000000036aa0        0x0 build/cooja/mtype531.a(ringbuf.o)
 .bss           0x0000000000036aa0        0x0 build/cooja/mtype531.a(memb.o)
 .bss           0x0000000000036aa0        0x0 build/cooja/mtype531.a(assert.o)
 .bss           0x0000000000036aa0     0x1214 build/cooja/mtype531.a(nbr-table.o)
 *fill*         0x0000000000037cb4        0xc 
 .bss           0x0000000000037cc0      0xe10 build/cooja/mtype531.a(link-stats.o)
 *fill*         0x0000000000038ad0       0x10 
 .bss           0x0000000000038ae0      0x100 build/cooja/mtype531.a(mac-sequence.o)
 .bss           0x0000000000038be0        0x0 build/cooja/mtype531.a(mac.o)
 .bss           0x0000000000038be0        0x2 build/cooja/mtype531.a(framer-802154.o)
 .bss           0x0000000000038be2        0x0 build/cooja/mtype531.a(frame802154.o)
 .bss           0x0000000000038be2        0x0 build/cooja/mtype531.a(csma-security.o)
 *fill*         0x0000000000038be2        0x2 
 .bss           0x0000000000038be4       0x20 build/cooja/mtype531.a(uipbuf.o)
 .bss           0x0000000000038c04       0x18 build/cooja/mtype531.a(uip-icmp6.o)
 *fill*         0x0000000000038c1c        0x4 
 .bss           0x0000000000038c20     0x1d80 build/cooja/mtype531.a(uip-sr.o)
 .bss           0x000000000003a9a0      0xa78 build/cooja/mtype531.a(uip-packetqueue)
 .bss           0x000000000003b418        0x0 build/cooja/mtype531.a(uip-udp-packet.)
 .bss           0x000000000003b418        0x0 build/cooja/mtype531.a(rpl-nbr-policy.)
 *fill*         0x000000000003b418        0x8 
 .bss           0x000000000003b420      0x960 build/cooja/mtype531.a(rpl-neighbor.o)
 .bss           0x000000000003bd80        0x0 build/cooja/mtype531.a(rpl-dag.o)
 .bss           0x000000000003bd80       0x40 build/cooja/mtype531.a(rpl-timers.o)
 .bss           0x000000000003bdc0        0x0 build/cooja/mtype531.a(rpl-ext-header.)
 .bss           0x000000000003bdc0        0x0 build/cooja/mtype531.a(rpl-mrhof.o)
 .bss           0x000000000003bdc0        0x0 /usr/lib/i386-linux-gnu/libc_nonshared.a(stack_chk_fail_local.oS)
 .bss           0x000000000003bdc0        0x0 /usr/lib/gcc/i686-linux-gnu/7/crtendS.o
 .bss           0x000000000003bdc0        0x0 /usr/lib/gcc/i686-linux-gnu/7/../../../i386-linux-gnu/crtn.o
 *(COMMON)
 COMMON         0x000000000003bdc0        0x8 build/cooja/mtype531.o
                0x000000000003bdc0                referenceVar
                0x000000000003bdc4                sensors_flags
 COMMON         0x000000000003bdc8        0xc build/cooja/mtype531.a(simEnvChange.o)
                0x000000000003bdc8                simEtimerPending
                0x000000000003bdcc                simProcessRunValue
                0x000000000003bdd0                simEtimerNextExpirationTime
 *fill*         0x000000000003bdd4        0x4 
 COMMON         0x000000000003bdd8       0x18 build/cooja/mtype531.a(rtimer-arch.o)
                0x000000000003bdd8                simRtimerPending
                0x000000000003bde0                simRtimerCurrentTicks
                0x000000000003bde8                simRtimerNextExpirationTime
 COMMON         0x000000000003bdf0        0x1 build/cooja/mtype531.a(beep.o)
                0x000000000003bdf0                simBeeped
 *fill*         0x000000000003bdf1        0x3 
 COMMON         0x000000000003bdf4        0xc build/cooja/mtype531.a(moteid.o)
                0x000000000003bdf4                simRandomSeed
                0x000000000003bdf8                simMoteIDChanged
                0x000000000003bdfc                simMoteID
 COMMON         0x000000000003be00        0x2 build/cooja/mtype531.a(pir-sensor.o)
                0x000000000003be00                simPirIsActive
                0x000000000003be01                simPirChanged
 *fill*         0x000000000003be02       0x1e 
 COMMON         0x000000000003be20      0x820 build/cooja/mtype531.a(rs232.o)
                0x000000000003be20                simSerialReceivingFlag
                0x000000000003be24                simSerialReceivingLength
                0x000000000003be40                simSerialReceivingData
 COMMON         0x000000000003c640        0x2 build/cooja/mtype531.a(vib-sensor.o)
                0x000000000003c640                simVibChanged
                0x000000000003c641                simVibIsActive
 *fill*         0x000000000003c642        0x2 
 COMMON         0x000000000003c644        0x4 build/cooja/mtype531.a(clock.o)